Archive Project report for input2ssd
Fri Jul  5 17:41:24 2019
Quartus II 32-bit Version 13.0.1 Build 232 06/12/2013 Service Pack 1 SJ Full Version


---------------------
; Table of Contents ;
---------------------
  1. Legal Notice
  2. Archive Project Summary
  3. Archive Project Messages
  4. Files Archived
  5. Files Not Archived



----------------
; Legal Notice ;
----------------
Copyright (C) 1991-2013 Altera Corporation
Your use of Altera Corporation's design tools, logic functions 
and other software and tools, and its AMPP partner logic 
functions, and any output files from any of the foregoing 
(including device programming or simulation files), and any 
associated documentation or information are expressly subject 
to the terms and conditions of the Altera Program License 
Subscription Agreement, Altera MegaCore Function License 
Agreement, or other applicable license agreement, including, 
without limitation, that your use is for the sole purpose of 
programming logic devices manufactured by Altera and sold by 
Altera or its authorized distributors.  Please refer to the 
applicable agreement for further details.



+------------------------------------------------------------+
; Archive Project Summary                                    ;
+------------------------+-----------------------------------+
; Archive Project Status ; Failed - Fri Jul  5 17:41:24 2019 ;
; Revision Name          ; input2ssd                         ;
; Top-level Entity Name  ; main                              ;
; Family                 ; Cyclone IV E                      ;
+------------------------+-----------------------------------+


+--------------------------+
; Archive Project Messages ;
+--------------------------+
Info: Running Export Database to generate version compatible database
Info: *******************************************************************
Info: Running Quartus II 32-bit Database Export
    Info: Version 13.0.1 Build 232 06/12/2013 Service Pack 1 SJ Full Version
    Info: Processing started: Fri Jul  5 17:41:22 2019
Info: Command: quartus_cdb input2ssd -c input2ssd --export_database=export_db
Info (39038): Successfully exported the post-synthesis black-box database
Info (39038): Successfully exported the post-synthesis database
Info (39038): Successfully exported the post-fitter database
Info: Quartus II 32-bit Database Export was successful. 0 errors, 0 warnings
    Info: Peak virtual memory: 341 megabytes
    Info: Processing ended: Fri Jul  5 17:41:23 2019
    Info: Elapsed time: 00:00:01
    Info: Total CPU time (on all processors): 00:00:01
Info: File Set 'Custom' contains:
    Info: Programming output files
    Info: Incremental compilation database files
    Info: Automatically detected source files
    Info: Report files
    Info: Project source and settings files
    Info: Megafunction and IP library files
    Info: Version compatible database files
Error: The following files were not archived
    Error: SDC1.sdc
Info: ----------------------------------------------------------
Info: ----------------------------------------------------------
Info: Generated archive '/home/aluno/input2ssd.qar'
Info: ----------------------------------------------------------
Info: ----------------------------------------------------------
Info: Generated report 'input2ssd.archive.rpt'
Error (23031): Evaluation of Tcl script /opt/altera/13.0sp1/quartus/common/tcl/apps/qpm/qar.tcl unsuccessful
Error: Quartus II 32-bit Shell was unsuccessful. 3 errors, 1 warning
    Error: Peak virtual memory: 278 megabytes
    Error: Processing ended: Fri Jul  5 17:41:24 2019
    Error: Elapsed time: 00:00:05
    Error: Total CPU time (on all processors): 00:00:04


+------------------------------------------------------------------------------+
; Files Archived                                                               ;
+------------------------------------------------------------------------------+
; File Name                                                                    ;
+------------------------------------------------------------------------------+
; /opt/altera/13.0sp1/quartus/libraries/vhdl/ieee/prmtvs_b.vhd                 ;
; /opt/altera/13.0sp1/quartus/libraries/vhdl/ieee/prmtvs_p.vhd                 ;
; /opt/altera/13.0sp1/quartus/libraries/vhdl/ieee/timing_b.vhd                 ;
; /opt/altera/13.0sp1/quartus/libraries/vhdl/ieee/timing_p.vhd                 ;
; assignment_defaults.qdf                                                      ;
; baudrate_generator.vhd                                                       ;
; db/input2ssd.cbx.xml                                                         ;
; export_db/input2ssd.archive.qmsg                                             ;
; export_db/input2ssd.asm.qmsg                                                 ;
; export_db/input2ssd.cmp.atm                                                  ;
; export_db/input2ssd.cmp.bpm                                                  ;
; export_db/input2ssd.cmp.hdbx                                                 ;
; export_db/input2ssd.cmp.kpt                                                  ;
; export_db/input2ssd.cmp.logdb                                                ;
; export_db/input2ssd.cmp.rcf                                                  ;
; export_db/input2ssd.cmp.sci                                                  ;
; export_db/input2ssd.cmp.scidsc                                               ;
; export_db/input2ssd.cmp.xml                                                  ;
; export_db/input2ssd.cmp_merge.kpt                                            ;
; export_db/input2ssd.db_export.qmsg                                           ;
; export_db/input2ssd.db_info                                                  ;
; export_db/input2ssd.eda.qmsg                                                 ;
; export_db/input2ssd.export_db_files                                          ;
; export_db/input2ssd.export_db_post_map_files                                 ;
; export_db/input2ssd.export_db_report_files                                   ;
; export_db/input2ssd.fit.qmsg                                                 ;
; export_db/input2ssd.hier_info                                                ;
; export_db/input2ssd.map.atm                                                  ;
; export_db/input2ssd.map.bpm                                                  ;
; export_db/input2ssd.map.hdbx                                                 ;
; export_db/input2ssd.map.kpt                                                  ;
; export_db/input2ssd.map.logdb                                                ;
; export_db/input2ssd.map.qmsg                                                 ;
; export_db/input2ssd.map.sci                                                  ;
; export_db/input2ssd.map.scidsc                                               ;
; export_db/input2ssd.map_bb.atm                                               ;
; export_db/input2ssd.map_bb.hdbx                                              ;
; export_db/input2ssd.map_bb.logdb                                             ;
; export_db/input2ssd.map_bb.sci                                               ;
; export_db/input2ssd.map_bb.scidsc                                            ;
; export_db/input2ssd.pre_map.hdbx                                             ;
; export_db/input2ssd.restore.qmsg                                             ;
; export_db/input2ssd.root_partition.cmp.atm                                   ;
; export_db/input2ssd.root_partition.cmp.dfp                                   ;
; export_db/input2ssd.root_partition.cmp.hdbx                                  ;
; export_db/input2ssd.root_partition.cmp.kpt                                   ;
; export_db/input2ssd.root_partition.cmp.logdb                                 ;
; export_db/input2ssd.root_partition.cmp.rcf                                   ;
; export_db/input2ssd.root_partition.map.atm                                   ;
; export_db/input2ssd.root_partition.map.dpi                                   ;
; export_db/input2ssd.root_partition.map.hbdb.atm                              ;
; export_db/input2ssd.root_partition.map.hbdb.hb_info                          ;
; export_db/input2ssd.root_partition.map.hbdb.hdbx                             ;
; export_db/input2ssd.root_partition.map.hbdb.sig                              ;
; export_db/input2ssd.root_partition.map.hdbx                                  ;
; export_db/input2ssd.root_partition.map.kpt                                   ;
; export_db/input2ssd.rpp.qmsg                                                 ;
; export_db/input2ssd.sim.vwf                                                  ;
; export_db/input2ssd.sta.qmsg                                                 ;
; export_db/input2ssd.syn_hier_info                                            ;
; incremental_db/compiled_partitions/input2ssd.db_info                         ;
; incremental_db/compiled_partitions/input2ssd.root_partition.cmp.cdb          ;
; incremental_db/compiled_partitions/input2ssd.root_partition.cmp.dfp          ;
; incremental_db/compiled_partitions/input2ssd.root_partition.cmp.hdb          ;
; incremental_db/compiled_partitions/input2ssd.root_partition.cmp.kpt          ;
; incremental_db/compiled_partitions/input2ssd.root_partition.cmp.logdb        ;
; incremental_db/compiled_partitions/input2ssd.root_partition.cmp.rcfdb        ;
; incremental_db/compiled_partitions/input2ssd.root_partition.map.cdb          ;
; incremental_db/compiled_partitions/input2ssd.root_partition.map.dpi          ;
; incremental_db/compiled_partitions/input2ssd.root_partition.map.hbdb.cdb     ;
; incremental_db/compiled_partitions/input2ssd.root_partition.map.hbdb.hb_info ;
; incremental_db/compiled_partitions/input2ssd.root_partition.map.hbdb.hdb     ;
; incremental_db/compiled_partitions/input2ssd.root_partition.map.hbdb.sig     ;
; incremental_db/compiled_partitions/input2ssd.root_partition.map.hdb          ;
; incremental_db/compiled_partitions/input2ssd.root_partition.map.kpt          ;
; input2ssd.qpf                                                                ;
; input2ssd.qsf                                                                ;
; input2ssd.vhd                                                                ;
; main.vhd                                                                     ;
; output_files/input2ssd.db_export.rpt                                         ;
; parallel2serial.vhd                                                          ;
; parity_checker.vhd                                                           ;
; parity_generator.vhd                                                         ;
; selector.vhd                                                                 ;
; serial2parallel.vhd                                                          ;
; transmitter.vhd                                                              ;
; Waveform.vwf                                                                 ;
+------------------------------------------------------------------------------+


+--------------------+
; Files Not Archived ;
+--------------------+
; File Name          ;
+--------------------+
; SDC1.sdc           ;
+--------------------+


